--- Script Started: Sun Mar 22 02:29:51 AM UTC 2026 ---
[Sun Mar 22 02:28:13 AM UTC 2026] Memulai Proving...
    Finished `release` profile [optimized] target(s) in 2.42s
     Running `target/release/nexus-host`
Compiling guest program...
Proving execution of vm...
>>>>> Logging
ZK Calculation Successful: 10 + 20 = 30
<<<<<
Verifying execution...  Succeeded!
[Sun Mar 22 02:28:13 AM UTC 2026] Selesai. Istirahat 5 detik...
[Sun Mar 22 02:28:13 AM UTC 2026] Memulai Proving...
    Finished `release` profile [optimized] target(s) in 3.24s
     Running `target/release/nexus-host`
Compiling guest program...
Proving execution of vm...
>>>>> Logging
ZK Calculation Successful: 10 + 20 = 30
<<<<<
Verifying execution...  Succeeded!
[Sun Mar 22 02:28:13 AM UTC 2026] Selesai. Istirahat 5 detik...
[Sun Mar 22 02:28:13 AM UTC 2026] Memulai Proving...
    Finished `release` profile [optimized] target(s) in 2.89s
     Running `target/release/nexus-host`
Compiling guest program...
Proving execution of vm...
>>>>> Logging
ZK Calculation Successful: 10 + 20 = 30
<<<<<
Verifying execution...  Succeeded!
[Sun Mar 22 02:28:13 AM UTC 2026] Selesai. Istirahat 5 detik...
[Sun Mar 22 02:28:13 AM UTC 2026] Memulai Proving...
    Finished `release` profile [optimized] target(s) in 1.53s
     Running `target/release/nexus-host`
Compiling guest program...
Proving execution of vm...
>>>>> Logging
ZK Calculation Successful: 10 + 20 = 30
<<<<<
Verifying execution...  Succeeded!
[Sun Mar 22 02:28:13 AM UTC 2026] Selesai. Istirahat 5 detik...
[Sun Mar 22 02:28:13 AM UTC 2026] Memulai Proving...
    Finished `release` profile [optimized] target(s) in 1.28s
     Running `target/release/nexus-host`
Compiling guest program...
Proving execution of vm...
>>>>> Logging
ZK Calculation Successful: 10 + 20 = 30
<<<<<
Verifying execution...  Succeeded!
[Sun Mar 22 02:28:13 AM UTC 2026] Selesai. Istirahat 5 detik...
[Sun Mar 22 02:28:13 AM UTC 2026] Memulai Proving...
    Finished `release` profile [optimized] target(s) in 2.06s
     Running `target/release/nexus-host`
Compiling guest program...
Proving execution of vm...
>>>>> Logging
ZK Calculation Successful: 10 + 20 = 30
<<<<<
Verifying execution...  Succeeded!
[Sun Mar 22 02:28:13 AM UTC 2026] Selesai. Istirahat 5 detik...
[Sun Mar 22 02:28:13 AM UTC 2026] Memulai Proving...
    Finished `release` profile [optimized] target(s) in 5.32s
     Running `target/release/nexus-host`
Compiling guest program...
Proving execution of vm...
>>>>> Logging
ZK Calculation Successful: 10 + 20 = 30
<<<<<
Verifying execution...  Succeeded!
[Sun Mar 22 02:28:13 AM UTC 2026] Selesai. Istirahat 5 detik...
[Sun Mar 22 02:28:13 AM UTC 2026] Memulai Proving...
    Finished `release` profile [optimized] target(s) in 1.88s
     Running `target/release/nexus-host`
Compiling guest program...
Proving execution of vm...
>>>>> Logging
ZK Calculation Successful: 10 + 20 = 30
<<<<<
Verifying execution...  Succeeded!
[Sun Mar 22 02:28:13 AM UTC 2026] Selesai. Istirahat 5 detik...
[Sun Mar 22 02:28:13 AM UTC 2026] Memulai Proving...
    Finished `release` profile [optimized] target(s) in 1.67s
     Running `target/release/nexus-host`
Compiling guest program...
Proving execution of vm...
>>>>> Logging
ZK Calculation Successful: 10 + 20 = 30
<<<<<
Verifying execution...  Succeeded!
[Sun Mar 22 02:28:13 AM UTC 2026] Selesai. Istirahat 5 detik...
[Sun Mar 22 02:28:13 AM UTC 2026] Memulai Proving...
    Finished `release` profile [optimized] target(s) in 2.61s
     Running `target/release/nexus-host`
Compiling guest program...
Proving execution of vm...
>>>>> Logging
ZK Calculation Successful: 10 + 20 = 30
<<<<<
Verifying execution...  Succeeded!
[Sun Mar 22 02:28:13 AM UTC 2026] Selesai. Istirahat 5 detik...
[Sun Mar 22 02:28:13 AM UTC 2026] Memulai Proving...
    Finished `release` profile [optimized] target(s) in 3.15s
     Running `target/release/nexus-host`
Compiling guest program...
Proving execution of vm...
>>>>> Logging
ZK Calculation Successful: 10 + 20 = 30
<<<<<
Verifying execution...  Succeeded!
[Sun Mar 22 02:28:13 AM UTC 2026] Selesai. Istirahat 5 detik...
[Sun Mar 22 02:28:13 AM UTC 2026] Memulai Proving...
    Finished `release` profile [optimized] target(s) in 5.04s
     Running `target/release/nexus-host`
Compiling guest program...
Proving execution of vm...
>>>>> Logging
ZK Calculation Successful: 10 + 20 = 30
<<<<<
Verifying execution...  Succeeded!
[Sun Mar 22 02:28:13 AM UTC 2026] Selesai. Istirahat 5 detik...
[Sun Mar 22 02:28:13 AM UTC 2026] Memulai Proving...
    Finished `release` profile [optimized] target(s) in 2.46s
     Running `target/release/nexus-host`
Compiling guest program...
Proving execution of vm...
>>>>> Logging
ZK Calculation Successful: 10 + 20 = 30
<<<<<
Verifying execution...  Succeeded!
[Sun Mar 22 02:28:13 AM UTC 2026] Selesai. Istirahat 5 detik...
[Sun Mar 22 02:28:13 AM UTC 2026] Memulai Proving...
    Finished `release` profile [optimized] target(s) in 1.62s
     Running `target/release/nexus-host`
Compiling guest program...
Proving execution of vm...
>>>>> Logging
ZK Calculation Successful: 10 + 20 = 30
<<<<<
Verifying execution...  Succeeded!
[Sun Mar 22 02:28:13 AM UTC 2026] Selesai. Istirahat 5 detik...
[Sun Mar 22 02:28:13 AM UTC 2026] Memulai Proving...
    Finished `release` profile [optimized] target(s) in 1.43s
     Running `target/release/nexus-host`
Compiling guest program...
Proving execution of vm...
>>>>> Logging
ZK Calculation Successful: 10 + 20 = 30
<<<<<
Verifying execution...  Succeeded!
[Sun Mar 22 02:28:13 AM UTC 2026] Selesai. Istirahat 5 detik...
[Sun Mar 22 02:28:13 AM UTC 2026] Memulai Proving...
    Finished `release` profile [optimized] target(s) in 1.85s
     Running `target/release/nexus-host`
Compiling guest program...
Proving execution of vm...
>>>>> Logging
ZK Calculation Successful: 10 + 20 = 30
<<<<<
Verifying execution...  Succeeded!
[Sun Mar 22 02:28:13 AM UTC 2026] Selesai. Istirahat 5 detik...
[Sun Mar 22 02:28:13 AM UTC 2026] Memulai Proving...
    Finished `release` profile [optimized] target(s) in 1.73s
     Running `target/release/nexus-host`
Compiling guest program...
Proving execution of vm...
>>>>> Logging
ZK Calculation Successful: 10 + 20 = 30
<<<<<
Verifying execution...  Succeeded!
[Sun Mar 22 02:28:13 AM UTC 2026] Selesai. Istirahat 5 detik...
[Sun Mar 22 02:28:13 AM UTC 2026] Memulai Proving...
    Finished `release` profile [optimized] target(s) in 1.75s
     Running `target/release/nexus-host`
Compiling guest program...
Proving execution of vm...
>>>>> Logging
ZK Calculation Successful: 10 + 20 = 30
<<<<<
Verifying execution...  Succeeded!
[Sun Mar 22 02:28:13 AM UTC 2026] Selesai. Istirahat 5 detik...
[Sun Mar 22 02:28:13 AM UTC 2026] Memulai Proving...
    Finished `release` profile [optimized] target(s) in 1.78s
     Running `target/release/nexus-host`
Compiling guest program...
Proving execution of vm...
>>>>> Logging
ZK Calculation Successful: 10 + 20 = 30
<<<<<
Verifying execution...  Succeeded!
[Sun Mar 22 02:28:13 AM UTC 2026] Selesai. Istirahat 5 detik...
[Sun Mar 22 02:28:13 AM UTC 2026] Memulai Proving...
    Finished `release` profile [optimized] target(s) in 2.72s
     Running `target/release/nexus-host`
Compiling guest program...
Proving execution of vm...
>>>>> Logging
ZK Calculation Successful: 10 + 20 = 30
<<<<<
Verifying execution...  Succeeded!
[Sun Mar 22 02:28:13 AM UTC 2026] Selesai. Istirahat 5 detik...
[Sun Mar 22 02:28:13 AM UTC 2026] Memulai Proving...
    Finished `release` profile [optimized] target(s) in 1.90s
     Running `target/release/nexus-host`
Compiling guest program...
Proving execution of vm...
>>>>> Logging
ZK Calculation Successful: 10 + 20 = 30
<<<<<
Verifying execution...  Succeeded!
[Sun Mar 22 02:28:13 AM UTC 2026] Selesai. Istirahat 5 detik...
[Sun Mar 22 02:28:13 AM UTC 2026] Memulai Proving...
    Finished `release` profile [optimized] target(s) in 1.69s
     Running `target/release/nexus-host`
Compiling guest program...
Proving execution of vm...
>>>>> Logging
ZK Calculation Successful: 10 + 20 = 30
<<<<<
Verifying execution...  Succeeded!
[Sun Mar 22 02:28:13 AM UTC 2026] Selesai. Istirahat 5 detik...
[Sun Mar 22 02:28:13 AM UTC 2026] Memulai Proving...
    Finished `release` profile [optimized] target(s) in 1.85s
     Running `target/release/nexus-host`
Compiling guest program...
Proving execution of vm...
>>>>> Logging
---------------------------------------NEXUS ZKVM FIBONACHI ENGINE ACTIVECalculating Sequence for n=15...Result Verified: 610---------------------------------------<<<<<
Verifying execution...  Succeeded!
[Sun Mar 22 02:28:13 AM UTC 2026] Selesai. Istirahat 5 detik...
[Sun Mar 22 02:28:13 AM UTC 2026] Memulai Proving...
   Compiling nexus-host v0.1.0 (/root/nexus-host)
error[E0433]: failed to resolve: could not find `nova` in `nexus_sdk`
 --> src/main.rs:3:5
  |
3 |     nova::seq::{generate_parameters, load_parameters, PP},
  |     ^^^^ could not find `nova` in `nexus_sdk`

error[E0432]: unresolved imports `nexus_sdk::compile::crate_path`, `nexus_sdk::LocalProver`
 --> src/main.rs:2:5
  |
2 |     compile::crate_path,
  |     ^^^^^^^^^^^^^^^^^^^ no `crate_path` in `compile`
3 |     nova::seq::{generate_parameters, load_parameters, PP},
4 |     LocalProver, Prover,
  |     ^^^^^^^^^^^ no `LocalProver` in the root

warning: unused import: `std::path::PathBuf`
 --> src/main.rs:6:5
  |
6 | use std::path::PathBuf;
  |     ^^^^^^^^^^^^^^^^^^
  |
  = note: `#[warn(unused_imports)]` on by default

Some errors have detailed explanations: E0432, E0433.
For more information about an error, try `rustc --explain E0432`.
warning: `nexus-host` (bin "nexus-host") generated 1 warning
error: could not compile `nexus-host` (bin "nexus-host") due to 2 previous errors; 1 warning emitted
[Sun Mar 22 02:28:13 AM UTC 2026] Selesai. Istirahat 5 detik...
[Sun Mar 22 02:28:13 AM UTC 2026] Memulai Proving...
   Compiling nexus-host v0.1.0 (/root/nexus-host)
error[E0433]: failed to resolve: could not find `nova` in `nexus_sdk`
 --> src/main.rs:3:5
  |
3 |     nova::seq::{generate_parameters, load_parameters, PP},
  |     ^^^^ could not find `nova` in `nexus_sdk`

error[E0432]: unresolved imports `nexus_sdk::compile::crate_path`, `nexus_sdk::LocalProver`
 --> src/main.rs:2:5
  |
2 |     compile::crate_path,
  |     ^^^^^^^^^^^^^^^^^^^ no `crate_path` in `compile`
3 |     nova::seq::{generate_parameters, load_parameters, PP},
4 |     LocalProver, Prover,
  |     ^^^^^^^^^^^ no `LocalProver` in the root

warning: unused import: `std::path::PathBuf`
 --> src/main.rs:6:5
  |
6 | use std::path::PathBuf;
  |     ^^^^^^^^^^^^^^^^^^
  |
  = note: `#[warn(unused_imports)]` on by default

Some errors have detailed explanations: E0432, E0433.
For more information about an error, try `rustc --explain E0432`.
warning: `nexus-host` (bin "nexus-host") generated 1 warning
error: could not compile `nexus-host` (bin "nexus-host") due to 2 previous errors; 1 warning emitted
